This is a test. There is no cause for alarm.
This is a test. There is no cause for alarm.
This is a test. There is no cause for alarm.
This is a test. There is no cause for alarm.
